// Jest Snapshot v1, https://goo.gl/fbAQLP

exports[`render empty the ToastContainer component 1`] = `<div />`;

exports[`renders the Toast component 1`] = `
<div>
  <div
    class="sc-bcXHqe iAzFDW"
    style="transform: translateX(0px)false;"
  >
    <div
      class="sc-gswNZR fMPuEA"
    />
    <div
      class="sc-dkrFOg"
    >
      <div
        class="sc-hLBbgP hUYuqY"
      >
        Success
      </div>
      <div
        class="sc-eDvSVe coDoGD"
      >
        Test success message
      </div>
    </div>
    <button
      class="sc-jSUZER egWHab"
      color=""
    />
    <div
      class="sc-gKPRtg dKfnqK"
    />
  </div>
</div>
`;
